\BOOKMARK [0][-]{section*.3}{\376\377\000C\000o\000n\000t\000e\000n\000t\000s}{}% 1
\BOOKMARK [0][-]{section*.5}{\376\377\000L\000i\000s\000t\000\040\000o\000f\000\040\000T\000a\000b\000l\000e\000s}{}% 2
\BOOKMARK [0][-]{section*.7}{\376\377\000L\000i\000s\000t\000\040\000o\000f\000\040\000F\000i\000g\000u\000r\000e\000s}{}% 3
\BOOKMARK [0][-]{chapter*.9}{\376\377\000A\000b\000s\000t\000r\000a\000c\000t}{}% 4
\BOOKMARK [0][-]{chapter.1}{\376\377\000I\000n\000t\000r\000o\000d\000u\000c\000t\000i\000o\000n}{}% 5
\BOOKMARK [1][-]{section.1.1}{\376\377\000M\000a\000g\000n\000e\000t\000i\000c\000\040\000R\000e\000c\000o\000n\000n\000e\000c\000t\000i\000o\000n\000\040\000i\000n\000\040\000t\000h\000e\000\040\000U\000n\000i\000v\000e\000r\000s\000e}{chapter.1}% 6
\BOOKMARK [2][-]{subsection.1.1.1}{\376\377\000W\000h\000e\000r\000e\000\040\000d\000o\000e\000s\000\040\000R\000e\000c\000o\000n\000n\000e\000c\000t\000i\000o\000n\000\040\000O\000c\000c\000u\000r}{section.1.1}% 7
\BOOKMARK [2][-]{subsection.1.1.2}{\376\377\000E\000f\000f\000e\000c\000t\000s\000\040\000o\000n\000\040\000H\000u\000m\000a\000n\000i\000t\000y}{section.1.1}% 8
\BOOKMARK [1][-]{section.1.2}{\376\377\000R\000e\000c\000o\000n\000n\000e\000c\000t\000i\000o\000n\000\040\000T\000h\000e\000o\000r\000y}{chapter.1}% 9
\BOOKMARK [2][-]{subsection.1.2.1}{\376\377\000T\000h\000e\000\040\000G\000e\000n\000e\000r\000a\000l\000i\000z\000e\000d\000\040\000O\000h\000m\000'\000s\000\040\000L\000a\000w}{section.1.2}% 10
\BOOKMARK [3][-]{subsubsection.1.2.1.1}{\376\377\000H\000o\000w\000\040\000d\000o\000\040\000w\000e\000\040\000d\000e\000r\000i\000v\000e\000\040\000t\000h\000i\000s\000?}{subsection.1.2.1}% 11
\BOOKMARK [3][-]{subsubsection.1.2.1.2}{\376\377\000A\000\040\000b\000r\000e\000a\000k\000d\000o\000w\000n\000\040\000o\000f\000\040\000t\000h\000e\000\040\000t\000e\000r\000m\000s}{subsection.1.2.1}% 12
\BOOKMARK [2][-]{subsection.1.2.2}{\376\377\000R\000e\000g\000i\000m\000e\000s\000\040\000o\000f\000\040\000R\000e\000c\000o\000n\000n\000e\000c\000t\000i\000o\000n}{section.1.2}% 13
\BOOKMARK [3][-]{subsubsection.1.2.2.1}{\376\377\000R\000e\000c\000o\000n\000n\000e\000c\000t\000i\000o\000n\000\040\000s\000c\000a\000l\000i\000n\000g\000\040\000p\000a\000r\000a\000m\000e\000t\000e\000r\000s}{subsection.1.2.2}% 14
\BOOKMARK [3][-]{subsubsection.1.2.2.2}{\376\377\000W\000h\000e\000r\000e\000\040\000d\000o\000\040\000v\000a\000r\000i\000o\000u\000s\000\040\000s\000y\000s\000t\000e\000m\000s\000\040\000l\000i\000n\000e\000\040\000u\000p\000?}{subsection.1.2.2}% 15
\BOOKMARK [3][-]{subsubsection.1.2.2.3}{\376\377\000W\000h\000a\000t\000\040\000a\000r\000e\000\040\000w\000e\000\040\000i\000n\000t\000e\000r\000e\000s\000t\000e\000d\000\040\000i\000n\000?}{subsection.1.2.2}% 16
\BOOKMARK [3][-]{subsubsection.1.2.2.4}{\376\377\000A\000p\000p\000l\000i\000c\000a\000t\000i\000o\000n\000\040\000t\000o\000\040\000R\000e\000a\000l\000\040\000S\000y\000s\000t\000e\000m\000s}{subsection.1.2.2}% 17
\BOOKMARK [4][-]{paragraph.1.2.2.4.1}{\376\377\000W\000h\000a\000t\000\040\000a\000r\000e\000\040\000s\000o\000m\000e\000\040\000e\000x\000a\000m\000p\000l\000e\000\040\000p\000a\000r\000a\000m\000e\000t\000e\000r\000s\000\040\000w\000h\000e\000r\000e\000\040\000r\000e\000c\000o\000n\000n\000e\000c\000t\000i\000o\000n\000\040\000o\000c\000c\000u\000r\000s\000?}{subsubsection.1.2.2.4}% 18
\BOOKMARK [4][-]{paragraph.1.2.2.4.2}{\376\377\000W\000h\000a\000t\000\040\000t\000i\000m\000e\000\040\000s\000c\000a\000l\000e\000s\000\040\000d\000o\000e\000s\000\040\000S\000w\000e\000e\000t\000-\000P\000a\000r\000k\000e\000r\000\040\000p\000r\000e\000d\000i\000c\000t\000?}{subsubsection.1.2.2.4}% 19
\BOOKMARK [4][-]{paragraph.1.2.2.4.3}{\376\377\000W\000h\000a\000t\000\040\000d\000i\000d\000\040\000w\000e\000\040\000m\000i\000s\000s\000?}{subsubsection.1.2.2.4}% 20
\BOOKMARK [2][-]{subsection.1.2.3}{\376\377\000H\000a\000l\000l\000\040\000R\000e\000c\000o\000n\000n\000e\000c\000t\000i\000o\000n}{section.1.2}% 21
\BOOKMARK [3][-]{subsubsection.1.2.3.1}{\376\377\000W\000h\000y\000\040\000s\000h\000o\000u\000l\000d\000\040\000t\000h\000e\000\040\000H\000a\000l\000l\000\040\000t\000e\000r\000m\000\040\000a\000p\000p\000e\000a\000r\000?}{subsection.1.2.3}% 22
\BOOKMARK [4][-]{paragraph.1.2.3.1.1}{\376\377\000W\000h\000a\000t\000\040\000i\000s\000\040\000t\000h\000e\000\040\000r\000e\000l\000e\000v\000a\000n\000t\000\040\000p\000h\000y\000s\000i\000c\000s\000\040\000t\000h\000a\000t\000\040\000s\000e\000t\000s\000\040\000w\000h\000e\000n\000\040\000t\000h\000e\000\040\000h\000a\000l\000l\000\040\000t\000e\000r\000m\000\040\000m\000a\000t\000t\000e\000r\000s}{subsubsection.1.2.3.1}% 23
\BOOKMARK [4][-]{paragraph.1.2.3.1.2}{\376\377\000I\000n\000\040\000w\000h\000a\000t\000\040\000k\000i\000n\000d\000\040\000o\000f\000\040\000p\000l\000a\000s\000m\000a\000s\000\040\000d\000o\000e\000s\000\040\000t\000h\000e\000\040\000h\000a\000l\000l\000\040\000t\000e\000r\000m\000\040\000a\000p\000p\000e\000a\000r\000\040\000a\000n\000d\000\040\000w\000h\000e\000n\000\040\000d\000o\000e\000s\000\040\000i\000t\000\040\000n\000o\000t\000?}{subsubsection.1.2.3.1}% 24
\BOOKMARK [3][-]{subsubsection.1.2.3.2}{\376\377\000W\000h\000a\000t\000\040\000d\000o\000e\000s\000\040\000h\000a\000l\000l\000\040\000r\000e\000c\000o\000n\000n\000e\000c\000t\000i\000o\000n\000\040\000l\000o\000o\000k\000\040\000l\000i\000k\000e}{subsection.1.2.3}% 25
\BOOKMARK [3][-]{subsubsection.1.2.3.3}{\376\377\000W\000h\000a\000t\000'\000s\000\040\000m\000i\000s\000s\000i\000n\000g\000?}{subsection.1.2.3}% 26
\BOOKMARK [2][-]{subsection.1.2.4}{\376\377\000K\000i\000n\000e\000t\000i\000c\000\040\000R\000e\000c\000o\000n\000n\000e\000c\000t\000i\000o\000n}{section.1.2}% 27
\BOOKMARK [3][-]{subsubsection.1.2.4.1}{\376\377\000W\000h\000a\000t\000\040\000m\000a\000k\000e\000s\000\040\000k\000i\000n\000e\000t\000i\000c\000\040\000r\000e\000c\000o\000n\000n\000e\000c\000t\000i\000o\000n\000\040\000`\000`\000k\000i\000n\000e\000t\000i\000c\000'\000'\000?}{subsection.1.2.4}% 28
\BOOKMARK [4][-]{paragraph.1.2.4.1.1}{\376\377\000W\000h\000a\000t\000\040\000d\000o\000\040\000c\000o\000l\000l\000i\000s\000i\000o\000n\000s\000\040\000d\000o\000?}{subsubsection.1.2.4.1}% 29
\BOOKMARK [4][-]{paragraph.1.2.4.1.2}{\376\377\000W\000h\000a\000t\000\040\000m\000a\000k\000e\000s\000\040\000a\000\040\000s\000y\000s\000t\000e\000m\000\040\000k\000i\000n\000e\000t\000i\000c\000?}{subsubsection.1.2.4.1}% 30
\BOOKMARK [3][-]{subsubsection.1.2.4.2}{\376\377\000W\000h\000a\000t\000\040\000i\000s\000\040\000p\000r\000e\000s\000s\000u\000r\000e\000\040\000a\000n\000i\000s\000o\000t\000r\000o\000p\000y}{subsection.1.2.4}% 31
\BOOKMARK [3][-]{subsubsection.1.2.4.3}{\376\377\000W\000h\000e\000r\000e\000\040\000d\000o\000e\000s\000\040\000P\000r\000e\000s\000s\000u\000r\000e\000\040\000A\000n\000i\000s\000o\000t\000r\000o\000p\000y\000\040\000c\000o\000m\000e\000\040\000f\000r\000o\000m\000?}{subsection.1.2.4}% 32
\BOOKMARK [4][-]{figure.caption.13}{\376\377\000M\000o\000v\000e\000m\000e\000n\000t\000\040\000o\000f\000\040\000f\000l\000u\000x\000\040\000t\000u\000b\000e}{subsubsection.1.2.4.3}% 33
\BOOKMARK [4][-]{paragraph.1.2.4.3.2}{\376\377\000E\000f\000f\000e\000c\000t\000\040\000o\000f\000\040\000b\000a\000c\000k\000g\000r\000o\000u\000n\000d\000\040\000f\000i\000e\000l\000d}{subsubsection.1.2.4.3}% 34
\BOOKMARK [3][-]{subsubsection.1.2.4.4}{\376\377\000H\000o\000w\000\040\000d\000o\000e\000s\000\040\000p\000r\000e\000s\000s\000u\000r\000e\000\040\000a\000n\000i\000s\000o\000t\000r\000o\000p\000y\000\040\000c\000h\000a\000n\000g\000e\000\040\000w\000h\000a\000t\000\040\000t\000h\000e\000\040\000r\000e\000c\000o\000n\000n\000e\000c\000t\000i\000o\000n\000\040\000l\000o\000o\000k\000s\000\040\000l\000i\000k\000e}{subsection.1.2.4}% 35
\BOOKMARK [4][-]{paragraph.1.2.4.4.1}{\376\377\000T\000h\000i\000n\000n\000e\000r\000\040\000r\000e\000c\000o\000n\000n\000e\000c\000t\000i\000o\000n\000\040\000l\000a\000y\000e\000r\000?}{subsubsection.1.2.4.4}% 36
\BOOKMARK [4][-]{paragraph.1.2.4.4.2}{\376\377\000M\000a\000r\000g\000i\000n\000a\000l\000\040\000F\000i\000r\000e\000h\000o\000s\000e\000\040\000C\000o\000n\000d\000i\000t\000i\000o\000n}{subsubsection.1.2.4.4}% 37
\BOOKMARK [4][-]{paragraph.1.2.4.4.3}{\376\377\000C\000o\000n\000c\000l\000u\000d\000i\000n\000g\000:\000\040\000w\000h\000a\000t\000\040\000f\000e\000a\000t\000u\000r\000e\000s\000\040\000s\000h\000o\000u\000l\000d\000\040\000w\000e\000\040\000l\000o\000o\000k\000\040\000f\000o\000r\000\040\000i\000n\000\040\000t\000h\000e\000\040\000d\000a\000t\000a\000?}{subsubsection.1.2.4.4}% 38
\BOOKMARK [3][-]{subsubsection.1.2.4.5}{\376\377\000W\000h\000y\000\040\000d\000o\000\040\000w\000e\000\040\000w\000a\000n\000t\000\040\000t\000o\000\040\000m\000e\000a\000s\000u\000r\000e\000\040\000i\000t\000?}{subsection.1.2.4}% 39
\BOOKMARK [4][-]{paragraph.1.2.4.5.1}{\376\377\000S\000i\000m\000u\000l\000a\000t\000i\000o\000n\000\040\000r\000e\000s\000u\000l\000t\000\040\000o\000v\000e\000r\000v\000i\000e\000w}{subsubsection.1.2.4.5}% 40
\BOOKMARK [4][-]{paragraph.1.2.4.5.2}{\376\377\000S\000p\000a\000c\000e\000c\000r\000a\000f\000t\000\040\000r\000e\000s\000u\000l\000t\000\040\000o\000v\000e\000r\000v\000i\000e\000w}{subsubsection.1.2.4.5}% 41
\BOOKMARK [4][-]{paragraph.1.2.4.5.3}{\376\377\000E\000x\000p\000e\000r\000i\000m\000e\000n\000t\000a\000l\000\040\000r\000e\000s\000u\000l\000t\000?}{subsubsection.1.2.4.5}% 42
\BOOKMARK [1][-]{section.1.3}{\376\377\000E\000x\000p\000e\000r\000i\000m\000e\000n\000t\000a\000l\000\040\000S\000e\000t\000u\000p}{chapter.1}% 43
\BOOKMARK [2][-]{subsection.1.3.1}{\376\377\000E\000x\000p\000e\000r\000i\000m\000e\000n\000t\000\040\000T\000i\000m\000e\000l\000i\000n\000e}{section.1.3}% 44
\BOOKMARK [2][-]{subsection.1.3.2}{\376\377\000I\000n\000i\000t\000i\000a\000l\000\040\000f\000i\000e\000l\000d}{section.1.3}% 45
\BOOKMARK [3][-]{subsubsection.1.3.2.1}{\376\377\000H\000e\000l\000m\000h\000o\000l\000t\000z}{subsection.1.3.2}% 46
\BOOKMARK [3][-]{subsubsection.1.3.2.2}{\376\377\000P\000e\000r\000m\000a\000n\000e\000n\000t\000\040\000m\000a\000g\000n\000e\000t\000s}{subsection.1.3.2}% 47
\BOOKMARK [3][-]{subsubsection.1.3.2.3}{\376\377\000T\000o\000r\000o\000i\000d\000a\000l}{subsection.1.3.2}% 48
\BOOKMARK [4][-]{paragraph.1.3.2.3.1}{\376\377\000S\000h\000i\000f\000t\000e\000d\000\040\000c\000o\000i\000l}{subsubsection.1.3.2.3}% 49
\BOOKMARK [4][-]{paragraph.1.3.2.3.2}{\376\377\000A\000x\000i\000a\000l\000\040\000c\000o\000i\000l}{subsubsection.1.3.2.3}% 50
\BOOKMARK [3][-]{subsubsection.1.3.2.4}{\376\377\000P\000e\000r\000t\000u\000r\000b\000a\000t\000i\000o\000n\000\040\000c\000o\000i\000l\000s}{subsection.1.3.2}% 51
\BOOKMARK [2][-]{subsection.1.3.3}{\376\377\000P\000l\000a\000s\000m\000a\000\040\000G\000e\000n\000e\000r\000a\000t\000i\000o\000n}{section.1.3}% 52
\BOOKMARK [3][-]{subsubsection.1.3.3.1}{\376\377\000H\000o\000w\000\040\000d\000o\000\040\000o\000u\000r\000\040\000g\000u\000n\000s\000\040\000w\000o\000r\000k}{subsection.1.3.3}% 53
\BOOKMARK [4][-]{paragraph.1.3.3.1.1}{\376\377\000G\000a\000s\000\040\000l\000i\000n\000e\000s}{subsubsection.1.3.3.1}% 54
\BOOKMARK [4][-]{figure.caption.20}{\376\377\000P\000F\000N\000s}{subsubsection.1.3.3.1}% 55
\BOOKMARK [4][-]{paragraph.1.3.3.1.3}{\376\377\000P\000u\000f\000f\000\040\000t\000r\000i\000g\000g\000e\000r}{subsubsection.1.3.3.1}% 56
\BOOKMARK [4][-]{figure.caption.21}{\376\377\000H\000o\000w\000\040\000t\000o\000\040\000b\000r\000e\000a\000k\000d\000o\000w\000n}{subsubsection.1.3.3.1}% 57
\BOOKMARK [3][-]{subsubsection.1.3.3.2}{\376\377\000H\000o\000w\000\040\000a\000r\000e\000\040\000t\000h\000e\000\040\000g\000u\000n\000s\000\040\000p\000l\000a\000c\000e\000d\000\040\000f\000o\000r\000\040\000i\000n\000j\000e\000c\000t\000i\000o\000n\000?}{subsection.1.3.3}% 58
\BOOKMARK [4][-]{paragraph.1.3.3.2.1}{\376\377\000H\000o\000w\000\040\000m\000u\000c\000h\000\040\000d\000o\000\040\000t\000h\000e\000y\000\040\000f\000i\000l\000l\000\040\000t\000h\000e\000\040\000m\000a\000c\000h\000i\000n\000e}{subsubsection.1.3.3.2}% 59
\BOOKMARK [4][-]{paragraph.1.3.3.2.2}{\376\377\000W\000h\000a\000t\000\040\000s\000e\000t\000s\000\040\000t\000h\000e\000\040\000f\000i\000l\000l\000i\000n\000g\000\040\000f\000r\000a\000c\000t\000i\000o\000n}{subsubsection.1.3.3.2}% 60
\BOOKMARK [3][-]{subsubsection.1.3.3.3}{\376\377\000W\000h\000a\000t\000\040\000g\000o\000e\000s\000\040\000w\000r\000o\000n\000g\000\040\000w\000i\000t\000h\000\040\000t\000h\000e\000m}{subsection.1.3.3}% 61
\BOOKMARK [4][-]{figure.caption.22}{\376\377\000B\000u\000r\000n\000i\000n\000g\000\040\000u\000p}{subsubsection.1.3.3.3}% 62
\BOOKMARK [4][-]{paragraph.1.3.3.3.2}{\376\377\000B\000u\000r\000n\000\040\000h\000o\000l\000e\000s\000\040\000i\000n\000\040\000w\000a\000l\000l\000\040\000b\000e\000c\000a\000u\000s\000e\000\040\000o\000f\000\040\000b\000a\000c\000k\000g\000r\000o\000u\000n\000d\000\040\000f\000i\000e\000l\000d}{subsubsection.1.3.3.3}% 63
\BOOKMARK [4][-]{paragraph.1.3.3.3.3}{\376\377\000A\000i\000r\000\040\000c\000o\000o\000l\000i\000n\000g}{subsubsection.1.3.3.3}% 64
\BOOKMARK [4][-]{paragraph.1.3.3.3.4}{\376\377\000O\000p\000t\000i\000m\000i\000z\000i\000n\000g\000\040\000g\000u\000n\000\040\000o\000p\000e\000r\000a\000t\000i\000o\000n}{subsubsection.1.3.3.3}% 65
\BOOKMARK [2][-]{subsection.1.3.4}{\376\377\000D\000r\000i\000v\000e\000\040\000f\000i\000e\000l\000d}{section.1.3}% 66
\BOOKMARK [3][-]{subsubsection.1.3.4.1}{\376\377\000I\000n\000d\000i\000v\000i\000d\000u\000a\000l\000\040\000c\000o\000i\000l\000s}{subsection.1.3.4}% 67
\BOOKMARK [4][-]{paragraph.1.3.4.1.1}{\376\377\000Z\000o\000n\000e\000'\000s\000\040\000b\000e\000t\000w\000e\000e\000n\000\040\000c\000o\000i\000l\000s\000\040\000a\000s\000\040\000p\000l\000a\000s\000m\000a\000\040\000s\000o\000u\000r\000c\000e\000s}{subsubsection.1.3.4.1}% 68
\BOOKMARK [3][-]{subsubsection.1.3.4.2}{\376\377\000D\000r\000i\000v\000e\000\040\000C\000y\000l\000i\000n\000d\000e\000r}{subsection.1.3.4}% 69
\BOOKMARK [2][-]{subsection.1.3.5}{\376\377\000D\000i\000a\000g\000n\000o\000s\000t\000i\000c\000s\000\040\000O\000v\000e\000r\000v\000i\000e\000w}{section.1.3}% 70
\BOOKMARK [3][-]{subsubsection.1.3.5.1}{\376\377\000B\000d\000o\000t\000\040\000p\000r\000o\000b\000e\000s}{subsection.1.3.5}% 71
\BOOKMARK [4][-]{paragraph.1.3.5.1.1}{\376\377\000B\000a\000s\000i\000c\000\040\000p\000r\000i\000n\000c\000i\000p\000l\000e\000s}{subsubsection.1.3.5.1}% 72
\BOOKMARK [4][-]{paragraph.1.3.5.1.2}{\376\377\000P\000r\000o\000b\000e\000\040\000t\000y\000p\000e\000s}{subsubsection.1.3.5.1}% 73
\BOOKMARK [4][-]{paragraph.1.3.5.1.3}{\376\377\000D\000a\000t\000a\000\040\000I\000n\000t\000e\000r\000p\000r\000e\000t\000a\000t\000i\000o\000n}{subsubsection.1.3.5.1}% 74
\BOOKMARK [3][-]{subsubsection.1.3.5.2}{\376\377\000H\000a\000l\000l\000\040\000p\000r\000o\000b\000e\000s}{subsection.1.3.5}% 75
\BOOKMARK [4][-]{paragraph.1.3.5.2.1}{\376\377\000B\000a\000s\000i\000c\000\040\000p\000r\000i\000n\000c\000i\000p\000l\000e\000s}{subsubsection.1.3.5.2}% 76
\BOOKMARK [4][-]{paragraph.1.3.5.2.2}{\376\377\000I\000s\000s\000u\000e\000s\000\040\000a\000n\000d\000\040\000f\000e\000a\000s\000i\000b\000i\000l\000i\000t\000y}{subsubsection.1.3.5.2}% 77
\BOOKMARK [3][-]{subsubsection.1.3.5.3}{\376\377\000L\000a\000n\000g\000m\000u\000i\000r\000\040\000p\000r\000o\000b\000e\000s}{subsection.1.3.5}% 78
\BOOKMARK [4][-]{paragraph.1.3.5.3.1}{\376\377\000B\000a\000s\000i\000c\000\040\000p\000r\000i\000n\000c\000i\000p\000l\000e\000s}{subsubsection.1.3.5.3}% 79
\BOOKMARK [4][-]{paragraph.1.3.5.3.2}{\376\377\000W\000h\000a\000t\000\040\000d\000o\000\040\000w\000e\000\040\000n\000e\000e\000d\000\040\000t\000o\000\040\000d\000o\000\040\000t\000o\000\040\000m\000a\000k\000e\000\040\000t\000h\000e\000m\000\040\000w\000o\000r\000k\000\040\000f\000o\000r\000\040\000o\000u\000r\000\040\000d\000e\000v\000i\000c\000e\000?}{subsubsection.1.3.5.3}% 80
\BOOKMARK [4][-]{paragraph.1.3.5.3.3}{\376\377\000L\000o\000o\000k\000\040\000i\000n\000t\000o\000\040\000X\000X\000X\000\040\000c\000h\000a\000p\000t\000e\000r}{subsubsection.1.3.5.3}% 81
\BOOKMARK [3][-]{subsubsection.1.3.5.4}{\376\377\000F\000a\000s\000t\000\040\000c\000a\000m\000e\000r\000a}{subsection.1.3.5}% 82
\BOOKMARK [4][-]{paragraph.1.3.5.4.1}{\376\377\000W\000h\000a\000t\000\040\000c\000a\000n\000\040\000w\000e\000\040\000s\000e\000e\000\040\000w\000i\000t\000h\000\040\000i\000t\000?}{subsubsection.1.3.5.4}% 83
\BOOKMARK [4][-]{paragraph.1.3.5.4.2}{\376\377\000P\000o\000t\000e\000n\000t\000i\000a\000l\000\040\000u\000s\000e\000\040\000c\000a\000s\000e\000s}{subsubsection.1.3.5.4}% 84
\BOOKMARK [2][-]{subsection.1.3.6}{\376\377\000H\000o\000w\000\040\000d\000o\000e\000s\000\040\000t\000h\000e\000\040\000e\000x\000p\000e\000r\000i\000m\000e\000n\000t\000\040\000c\000o\000m\000p\000a\000r\000e\000\040\000t\000o\000\040\000s\000p\000a\000c\000e}{section.1.3}% 85
\BOOKMARK [3][-]{subsubsection.1.3.6.1}{\376\377\000S\000i\000m\000u\000l\000a\000t\000i\000o\000n\000\040\000b\000e\000n\000e\000f\000i\000t\000s\000\040\000a\000n\000d\000\040\000r\000e\000s\000u\000l\000t\000s}{subsection.1.3.6}% 86
\BOOKMARK [3][-]{subsubsection.1.3.6.2}{\376\377\000S\000p\000a\000c\000e\000\040\000b\000e\000n\000e\000f\000i\000t\000s\000\040\000a\000n\000d\000\040\000r\000e\000s\000u\000l\000t\000s}{subsection.1.3.6}% 87
\BOOKMARK [3][-]{subsubsection.1.3.6.3}{\376\377\000L\000a\000b\000\040\000b\000e\000n\000e\000f\000i\000t\000s\000\040\000a\000n\000d\000\040\000r\000e\000s\000u\000l\000t\000s}{subsection.1.3.6}% 88
\BOOKMARK [2][-]{subsection.1.3.7}{\376\377\000O\000t\000h\000e\000r\000\040\000l\000a\000b\000\040\000r\000e\000c\000o\000n\000n\000e\000c\000t\000i\000o\000n\000\040\000e\000x\000p\000e\000r\000i\000m\000e\000n\000t\000s}{section.1.3}% 89
\BOOKMARK [3][-]{subsubsection.1.3.7.1}{\376\377\000V\000T\000F\000,\000\040\000M\000R\000X\000,\000\040\000F\000L\000A\000R\000E}{subsection.1.3.7}% 90
\BOOKMARK [3][-]{subsubsection.1.3.7.2}{\376\377\000E\000x\000p\000l\000o\000d\000i\000n\000g\000\040\000w\000i\000r\000e\000\040\000a\000r\000r\000a\000y\000s}{subsection.1.3.7}% 91
\BOOKMARK [3][-]{subsubsection.1.3.7.3}{\376\377\000L\000a\000s\000e\000r\000\040\000b\000a\000s\000e\000d}{subsection.1.3.7}% 92
\BOOKMARK [1][-]{section.1.4}{\376\377\000T\000h\000e\000s\000i\000s\000\040\000O\000u\000t\000l\000i\000n\000e}{chapter.1}% 93
\BOOKMARK [0][-]{chapter.2}{\376\377\000P\000r\000e\000s\000s\000u\000r\000e\000\040\000W\000a\000v\000e}{}% 94
\BOOKMARK [1][-]{section.2.1}{\376\377\000I\000n\000t\000r\000o\000d\000u\000c\000t\000i\000o\000n}{chapter.2}% 95
\BOOKMARK [2][-]{subsection.2.1.1}{\376\377\000P\000h\000y\000s\000i\000c\000a\000l\000\040\000I\000n\000t\000e\000r\000p\000r\000e\000t\000a\000t\000i\000o\000n}{section.2.1}% 96
\BOOKMARK [1][-]{section.2.2}{\376\377\000O\000b\000s\000e\000r\000v\000a\000t\000i\000o\000n\000a\000l\000\040\000E\000v\000i\000d\000e\000n\000c\000e}{chapter.2}% 97
\BOOKMARK [2][-]{subsection.2.2.1}{\376\377\000B\000d\000o\000t\000\040\000m\000e\000a\000s\000u\000r\000e\000m\000e\000n\000t\000s}{section.2.2}% 98
\BOOKMARK [3][-]{subsubsection.2.2.1.1}{\376\377\000F\000l\000u\000x\000\040\000e\000x\000p\000a\000n\000s\000i\000o\000n\000\040\000b\000e\000f\000o\000r\000e\000\040\000s\000h\000o\000c\000k\000\040\000l\000a\000y\000e\000r}{subsection.2.2.1}% 99
\BOOKMARK [3][-]{subsubsection.2.2.1.2}{\376\377\000W\000a\000v\000e\000f\000r\000o\000n\000t\000\040\000t\000h\000a\000t\000\040\000d\000e\000p\000e\000n\000d\000s\000\040\000o\000n\000\040\000c\000o\000n\000f\000i\000g\000u\000r\000a\000t\000i\000o\000n}{subsection.2.2.1}% 100
\BOOKMARK [2][-]{subsection.2.2.2}{\376\377\000P\000I\000C\000\040\000S\000i\000m\000u\000l\000a\000t\000i\000o\000n\000s}{section.2.2}% 101
\BOOKMARK [3][-]{subsubsection.2.2.2.1}{\376\377\000V\000a\000r\000y\000i\000n\000g\000\040\000D\000r\000i\000v\000i\000n\000g\000\040\000P\000a\000r\000a\000m\000e\000t\000e\000r\000s}{subsection.2.2.2}% 102
\BOOKMARK [3][-]{subsubsection.2.2.2.2}{\376\377\000C\000h\000a\000n\000g\000e\000s\000\040\000i\000n\000\040\000R\000e\000c\000o\000n\000n\000e\000c\000t\000i\000o\000n\000\040\000R\000a\000t\000e}{subsection.2.2.2}% 103
\BOOKMARK [1][-]{section.2.3}{\376\377\000W\000a\000v\000e\000\040\000S\000i\000m\000u\000l\000a\000t\000i\000o\000n}{chapter.2}% 104
\BOOKMARK [2][-]{subsection.2.3.1}{\376\377\000A\000p\000p\000r\000o\000x\000i\000m\000a\000t\000i\000o\000n\000s}{section.2.3}% 105
\BOOKMARK [2][-]{subsection.2.3.2}{\376\377\000L\000i\000n\000e\000a\000r\000i\000z\000i\000n\000g\000\040\000M\000H\000D}{section.2.3}% 106
\BOOKMARK [2][-]{subsection.2.3.3}{\376\377\000P\000l\000a\000s\000m\000a\000\040\000E\000q\000u\000i\000l\000i\000b\000r\000i\000u\000m\000\040\000+\000\040\000S\000y\000m\000m\000e\000t\000r\000i\000e\000s}{section.2.3}% 107
\BOOKMARK [3][-]{subsubsection.2.3.3.1}{\376\377\000T\000y\000p\000e\000s\000\040\000o\000f\000\040\000E\000q\000u\000i\000l\000i\000b\000r\000i\000u\000m}{subsection.2.3.3}% 108
\BOOKMARK [4][-]{paragraph.2.3.3.1.1}{\376\377\000T\000h\000e\000t\000a\000-\000p\000i\000n\000c\000h}{subsubsection.2.3.3.1}% 109
\BOOKMARK [4][-]{paragraph.2.3.3.1.2}{\376\377\000S\000c\000r\000e\000w\000-\000p\000i\000n\000c\000h}{subsubsection.2.3.3.1}% 110
\BOOKMARK [3][-]{subsubsection.2.3.3.2}{\376\377\000T\000y\000p\000e\000s\000\040\000o\000f\000\040\000S\000y\000m\000m\000e\000t\000r\000i\000e\000s}{subsection.2.3.3}% 111
\BOOKMARK [4][-]{paragraph.2.3.3.2.1}{\376\377\000Z\000-\000s\000y\000m\000m\000e\000t\000r\000y}{subsubsection.2.3.3.2}% 112
\BOOKMARK [4][-]{paragraph.2.3.3.2.2}{\376\377\000P\000h\000i\000-\000s\000y\000m\000m\000e\000t\000r\000y}{subsubsection.2.3.3.2}% 113
\BOOKMARK [2][-]{subsection.2.3.4}{\376\377\000S\000i\000m\000p\000l\000i\000f\000i\000e\000d\000\040\0001\000D\000\040\000e\000q\000u\000a\000t\000i\000o\000n}{section.2.3}% 114
\BOOKMARK [3][-]{subsubsection.2.3.4.1}{\376\377\000E\000q\000u\000a\000t\000i\000o\000n\000\040\000I\000n\000t\000e\000r\000p\000r\000e\000t\000a\000t\000i\000o\000n}{subsection.2.3.4}% 115
\BOOKMARK [3][-]{subsubsection.2.3.4.2}{\376\377\000N\000o\000r\000m\000a\000l\000i\000z\000e\000d\000\040\000e\000q\000u\000a\000t\000i\000o\000n}{subsection.2.3.4}% 116
\BOOKMARK [2][-]{subsection.2.3.5}{\376\377\000I\000n\000i\000t\000i\000a\000l\000\040\000a\000n\000d\000\040\000B\000o\000u\000n\000d\000a\000r\000y\000\040\000c\000o\000n\000d\000i\000t\000i\000o\000n\000s}{section.2.3}% 117
\BOOKMARK [3][-]{subsubsection.2.3.5.1}{\376\377\000I\000n\000i\000t\000i\000a\000l\000\040\000c\000o\000n\000d\000i\000t\000i\000o\000n\000s}{subsection.2.3.5}% 118
\BOOKMARK [3][-]{subsubsection.2.3.5.2}{\376\377\000L\000o\000w\000\040\000R\000a\000d\000i\000u\000s\000\040\000B\000o\000u\000n\000d\000a\000r\000y}{subsection.2.3.5}% 119
\BOOKMARK [3][-]{subsubsection.2.3.5.3}{\376\377\000H\000i\000g\000h\000\040\000R\000a\000d\000i\000u\000s\000\040\000B\000o\000u\000n\000d\000a\000r\000y}{subsection.2.3.5}% 120
\BOOKMARK [2][-]{subsection.2.3.6}{\376\377\000S\000i\000m\000u\000l\000a\000t\000i\000o\000n\000\040\000R\000e\000s\000u\000l\000t\000s}{section.2.3}% 121
\BOOKMARK [1][-]{section.2.4}{\376\377\000A\000p\000p\000l\000i\000c\000a\000t\000i\000o\000n}{chapter.2}% 122
\BOOKMARK [2][-]{subsection.2.4.1}{\376\377\000E\000x\000t\000r\000a\000c\000t\000i\000n\000g\000\040\000W\000a\000v\000e\000\040\000S\000p\000e\000e\000d}{section.2.4}% 123
\BOOKMARK [3][-]{subsubsection.2.4.1.1}{\376\377\000W\000a\000v\000e\000\040\000t\000r\000a\000c\000k\000i\000n\000g}{subsection.2.4.1}% 124
\BOOKMARK [4][-]{paragraph.2.4.1.1.1}{\376\377\000S\000m\000o\000o\000t\000h\000i\000n\000g}{subsubsection.2.4.1.1}% 125
\BOOKMARK [4][-]{paragraph.2.4.1.1.2}{\376\377\000I\000n\000e\000r\000t\000i\000a}{subsubsection.2.4.1.1}% 126
\BOOKMARK [4][-]{paragraph.2.4.1.1.3}{\376\377\000M\000o\000n\000t\000e\000-\000c\000a\000r\000l\000o}{subsubsection.2.4.1.1}% 127
\BOOKMARK [2][-]{subsection.2.4.2}{\376\377\000G\000e\000t\000t\000i\000n\000g\000\040\000t\000h\000e\000\040\000d\000e\000n\000s\000i\000t\000y}{section.2.4}% 128
\BOOKMARK [2][-]{subsection.2.4.3}{\376\377\000M\000i\000n\000i\000m\000u\000m\000\040\000m\000e\000a\000s\000u\000r\000a\000b\000l\000e\000\040\000d\000e\000n\000s\000i\000t\000y}{section.2.4}% 129
\BOOKMARK [1][-]{section.2.5}{\376\377\000R\000e\000s\000u\000l\000t\000s}{chapter.2}% 130
\BOOKMARK [2][-]{subsection.2.5.1}{\376\377\000E\000x\000p\000e\000r\000i\000m\000e\000n\000t\000a\000l\000\040\000s\000e\000t\000u\000p}{section.2.5}% 131
\BOOKMARK [2][-]{subsection.2.5.2}{\376\377\000L\000a\000n\000g\000m\000u\000i\000r\000\040\000v\000s\000.\000\040\000P\000r\000e\000s\000s\000u\000r\000e\000\040\000W\000a\000v\000e\000\040\000P\000r\000o\000f\000i\000l\000e\000s}{section.2.5}% 132
\BOOKMARK [3][-]{subsubsection.2.5.2.1}{\376\377\000D\000e\000n\000s\000i\000t\000y\000\040\000C\000o\000m\000p\000a\000r\000i\000s\000o\000n}{subsection.2.5.2}% 133
\BOOKMARK [3][-]{subsubsection.2.5.2.2}{\376\377\000W\000a\000v\000e\000\040\000E\000v\000o\000l\000u\000t\000i\000o\000n}{subsection.2.5.2}% 134
\BOOKMARK [4][-]{paragraph.2.5.2.2.1}{\376\377\000T\000w\000o\000-\000f\000l\000u\000i\000d\000\040\000d\000i\000s\000p\000e\000r\000s\000i\000o\000n}{subsubsection.2.5.2.2}% 135
\BOOKMARK [4][-]{paragraph.2.5.2.2.2}{\376\377\000E\000f\000f\000e\000c\000t\000\040\000o\000n\000\040\000W\000a\000v\000e}{subsubsection.2.5.2.2}% 136
\BOOKMARK [1][-]{section.2.6}{\376\377\000F\000u\000t\000u\000r\000e\000\040\000R\000e\000s\000e\000a\000r\000c\000h}{chapter.2}% 137
\BOOKMARK [2][-]{subsection.2.6.1}{\376\377\000B\000e\000t\000t\000e\000r\000\040\000w\000a\000v\000e\000\040\000t\000r\000a\000c\000k\000i\000n\000g}{section.2.6}% 138
\BOOKMARK [3][-]{subsubsection.2.6.1.1}{\376\377\000C\000r\000o\000s\000s\000-\000c\000o\000r\000r\000e\000l\000a\000t\000i\000o\000n}{subsection.2.6.1}% 139
\BOOKMARK [3][-]{subsubsection.2.6.1.2}{\376\377\000D\000y\000n\000a\000m\000i\000c\000\040\000T\000i\000m\000e\000\040\000W\000a\000r\000p\000i\000n\000g}{subsection.2.6.1}% 140
\BOOKMARK [3][-]{subsubsection.2.6.1.3}{\376\377\000U\000s\000i\000n\000g\000\040\000a\000\040\000m\000o\000d\000e\000l\000\040\000o\000f\000\040\000w\000h\000a\000t\000\040\000t\000h\000e\000\040\000w\000a\000v\000e\000\040\000l\000o\000o\000k\000s\000\040\000l\000i\000k\000e}{subsection.2.6.1}% 141
\BOOKMARK [2][-]{subsection.2.6.2}{\376\377\000U\000s\000i\000n\000g\000\040\000f\000a\000s\000t\000-\000m\000a\000g\000n\000e\000t\000o\000s\000o\000n\000i\000c\000\040\000s\000p\000e\000e\000d\000\040\000i\000n\000s\000t\000e\000a\000d\000\040\000o\000f\000\040\000a\000l\000f\000v\000e\000n}{section.2.6}% 142
\BOOKMARK [3][-]{subsubsection.2.6.2.1}{\376\377\000W\000i\000l\000l\000\040\000t\000h\000i\000s\000\040\000i\000t\000e\000r\000a\000t\000i\000v\000e\000l\000y\000\040\000c\000o\000n\000v\000e\000r\000g\000e\000?}{subsection.2.6.2}% 143
\BOOKMARK [0][-]{chapter.3}{\376\377\000M\000u\000l\000t\000i\000-\000t\000i\000p\000\040\000L\000a\000n\000g\000m\000u\000i\000r\000\040\000P\000r\000o\000b\000e}{}% 144
\BOOKMARK [1][-]{section.3.1}{\376\377\000W\000h\000a\000t\000'\000s\000\040\000a\000\040\000L\000a\000n\000g\000m\000u\000i\000r\000\040\000p\000r\000o\000b\000e}{chapter.3}% 145
\BOOKMARK [2][-]{subsection.3.1.1}{\376\377\000B\000a\000s\000i\000c\000\040\000C\000o\000n\000s\000t\000r\000u\000c\000t\000i\000o\000n}{section.3.1}% 146
\BOOKMARK [2][-]{subsection.3.1.2}{\376\377\000E\000x\000t\000r\000a\000c\000t\000i\000n\000g\000\040\000P\000l\000a\000s\000m\000a\000\040\000P\000a\000r\000a\000m\000e\000t\000e\000r\000s}{section.3.1}% 147
\BOOKMARK [2][-]{subsection.3.1.3}{\376\377\000P\000l\000a\000s\000m\000a\000\040\000P\000e\000r\000t\000u\000r\000b\000a\000t\000i\000o\000n}{section.3.1}% 148
\BOOKMARK [3][-]{subsubsection.3.1.3.1}{\376\377\000U\000n\000m\000a\000g\000n\000e\000t\000i\000z\000e\000d\000\040\000P\000e\000r\000t\000u\000r\000b\000a\000t\000i\000o\000n}{subsection.3.1.3}% 149
\BOOKMARK [3][-]{subsubsection.3.1.3.2}{\376\377\000M\000a\000g\000n\000e\000t\000i\000c\000\040\000F\000i\000e\000l\000d\000\040\000E\000f\000f\000e\000c\000t\000s}{subsection.3.1.3}% 150
\BOOKMARK [3][-]{subsubsection.3.1.3.3}{\376\377\000P\000e\000r\000t\000u\000r\000b\000a\000t\000i\000o\000n\000s\000\040\000i\000n\000\040\000o\000u\000r\000\040\000S\000y\000s\000t\000e\000m}{subsection.3.1.3}% 151
\BOOKMARK [4][-]{paragraph.3.1.3.3.1}{\376\377\000G\000e\000o\000m\000e\000t\000r\000i\000c\000\040\000C\000o\000n\000s\000i\000d\000e\000r\000a\000t\000i\000o\000n\000s}{subsubsection.3.1.3.3}% 152
\BOOKMARK [4][-]{paragraph.3.1.3.3.2}{\376\377\000M\000a\000g\000n\000e\000t\000i\000c\000\040\000F\000i\000e\000l\000d\000\040\000C\000o\000n\000s\000i\000d\000e\000r\000a\000t\000i\000o\000n\000s}{subsubsection.3.1.3.3}% 153
\BOOKMARK [1][-]{section.3.2}{\376\377\000H\000a\000r\000d\000w\000a\000r\000e}{chapter.3}% 154
\BOOKMARK [2][-]{subsection.3.2.1}{\376\377\000P\000h\000y\000s\000i\000c\000a\000l\000\040\000C\000o\000n\000s\000t\000r\000a\000i\000n\000t\000s}{section.3.2}% 155
\BOOKMARK [2][-]{subsection.3.2.2}{\376\377\000S\000h\000a\000f\000t\000\040\000C\000o\000m\000p\000o\000n\000e\000n\000t\000s}{section.3.2}% 156
\BOOKMARK [3][-]{subsubsection.3.2.2.1}{\376\377\000G\000a\000r\000a\000g\000e\000s}{subsection.3.2.2}% 157
\BOOKMARK [3][-]{subsubsection.3.2.2.2}{\376\377\000S\000h\000a\000f\000t\000\040\000m\000a\000t\000e\000r\000i\000a\000l\000s}{subsection.3.2.2}% 158
\BOOKMARK [3][-]{subsubsection.3.2.2.3}{\376\377\000C\000e\000n\000t\000e\000r\000i\000n\000g\000\040\000C\000o\000l\000l\000e\000t}{subsection.3.2.2}% 159
\BOOKMARK [3][-]{subsubsection.3.2.2.4}{\376\377\000F\000e\000e\000d\000-\000t\000h\000r\000u}{subsection.3.2.2}% 160
\BOOKMARK [2][-]{subsection.3.2.3}{\376\377\000T\000i\000p\000\040\000C\000o\000m\000p\000o\000n\000e\000n\000t\000s}{section.3.2}% 161
\BOOKMARK [3][-]{subsubsection.3.2.3.1}{\376\377\000P\000r\000o\000b\000e\000\040\000b\000o\000d\000y}{subsection.3.2.3}% 162
\BOOKMARK [3][-]{subsubsection.3.2.3.2}{\376\377\000T\000i\000p\000\040\000m\000a\000t\000e\000r\000i\000a\000l\000\040\000+\000\040\000s\000i\000z\000e}{subsection.3.2.3}% 163
\BOOKMARK [4][-]{paragraph.3.2.3.2.1}{\376\377\000W\000h\000y\000\040\000u\000s\000e\000\040\000M\000o}{subsubsection.3.2.3.2}% 164
\BOOKMARK [4][-]{paragraph.3.2.3.2.2}{\376\377\000S\000i\000z\000e\000\040\000c\000o\000n\000s\000i\000d\000e\000r\000a\000t\000i\000o\000n\000s}{subsubsection.3.2.3.2}% 165
\BOOKMARK [3][-]{subsubsection.3.2.3.3}{\376\377\000T\000i\000p\000\040\000S\000h\000i\000e\000l\000d\000i\000n\000g}{subsection.3.2.3}% 166
\BOOKMARK [4][-]{paragraph.3.2.3.3.1}{\376\377\000W\000h\000y\000\040\000s\000h\000i\000e\000l\000d\000\040\000a\000t\000\040\000a\000l\000l\000?}{subsubsection.3.2.3.3}% 167
\BOOKMARK [4][-]{paragraph.3.2.3.3.2}{\376\377\000F\000i\000r\000s\000t\000\040\000o\000r\000d\000e\000r\000\040\000m\000a\000c\000h\000\040\000e\000f\000f\000e\000c\000t\000s\000\040\000t\000o\000\040\000a\000v\000o\000i\000d}{subsubsection.3.2.3.3}% 168
\BOOKMARK [2][-]{subsection.3.2.4}{\376\377\000B\000-\000d\000o\000t\000\040\000C\000o\000i\000l\000s}{section.3.2}% 169
\BOOKMARK [3][-]{subsubsection.3.2.4.1}{\376\377\000S\000i\000z\000e\000\040\000C\000o\000n\000s\000i\000d\000e\000r\000a\000t\000i\000o\000n\000s}{subsection.3.2.4}% 170
\BOOKMARK [3][-]{subsubsection.3.2.4.2}{\376\377\000N\000o\000i\000s\000e\000\040\000R\000e\000d\000u\000c\000t\000i\000o\000n}{subsection.3.2.4}% 171
\BOOKMARK [2][-]{subsection.3.2.5}{\376\377\000L\000e\000n\000g\000t\000h\000\040\000S\000c\000a\000l\000e\000s}{section.3.2}% 172
\BOOKMARK [1][-]{section.3.3}{\376\377\000C\000i\000r\000c\000u\000i\000t\000r\000y}{chapter.3}% 173
\BOOKMARK [2][-]{subsection.3.3.1}{\376\377\000B\000i\000a\000s\000\040\000S\000o\000u\000r\000c\000e}{section.3.3}% 174
\BOOKMARK [3][-]{subsubsection.3.3.1.1}{\376\377\000M\000a\000n\000u\000a\000l\000l\000y\000\040\000C\000o\000n\000t\000r\000o\000l\000l\000e\000d}{subsection.3.3.1}% 175
\BOOKMARK [4][-]{figure.caption.43}{\376\377\000P\000r\000i\000n\000c\000i\000p\000l\000e\000s\000\040\000o\000f\000\040\000o\000p\000e\000r\000a\000t\000i\000o\000n}{subsubsection.3.3.1.1}% 176
\BOOKMARK [4][-]{paragraph.3.3.1.1.2}{\376\377\000T\000h\000e\000\040\000g\000o\000o\000d\000,\000\040\000t\000h\000e\000\040\000b\000a\000d\000,\000\040\000a\000n\000d\000\040\000t\000h\000e\000\040\000u\000g\000l\000y}{subsubsection.3.3.1.1}% 177
\BOOKMARK [3][-]{subsubsection.3.3.1.2}{\376\377\000R\000e\000m\000o\000t\000e\000\040\000C\000o\000n\000t\000r\000o\000l\000l\000e\000d}{subsection.3.3.1}% 178
\BOOKMARK [4][-]{paragraph.3.3.1.2.1}{\376\377\000P\000r\000i\000n\000c\000i\000p\000l\000e\000s\000\040\000o\000f\000\040\000o\000p\000e\000r\000a\000t\000i\000o\000n}{subsubsection.3.3.1.2}% 179
\BOOKMARK [4][-]{paragraph.3.3.1.2.2}{\376\377\000P\000r\000o\000b\000l\000e\000m\000s}{subsubsection.3.3.1.2}% 180
\BOOKMARK [4][-]{paragraph.3.3.1.2.3}{\376\377\000C\000a\000l\000i\000b\000r\000a\000t\000i\000o\000n}{subsubsection.3.3.1.2}% 181
\BOOKMARK [2][-]{subsection.3.3.2}{\376\377\000P\000r\000o\000b\000e\000\040\000C\000i\000r\000c\000u\000i\000t}{section.3.3}% 182
\BOOKMARK [3][-]{subsubsection.3.3.2.1}{\376\377\000P\000r\000i\000n\000c\000i\000p\000l\000e\000s\000\040\000o\000f\000\040\000o\000p\000e\000r\000a\000t\000i\000o\000n}{subsection.3.3.2}% 183
\BOOKMARK [3][-]{subsubsection.3.3.2.2}{\376\377\000S\000i\000n\000g\000l\000e\000-\000e\000n\000d\000e\000d\000\040\000m\000e\000a\000s\000u\000r\000e\000m\000e\000n\000t}{subsection.3.3.2}% 184
\BOOKMARK [3][-]{subsubsection.3.3.2.3}{\376\377\000D\000i\000f\000f\000e\000r\000e\000n\000t\000i\000a\000l\000\040\000m\000e\000a\000s\000u\000r\000e\000m\000e\000n\000t}{subsection.3.3.2}% 185
\BOOKMARK [3][-]{subsubsection.3.3.2.4}{\376\377\000C\000i\000r\000c\000u\000i\000t\000\040\000S\000o\000l\000u\000t\000i\000o\000n}{subsection.3.3.2}% 186
\BOOKMARK [4][-]{paragraph.3.3.2.4.1}{\376\377\000H\000o\000w\000\040\000d\000o\000\040\000w\000e\000\040\000s\000o\000l\000v\000e\000\040\000t\000h\000i\000s}{subsubsection.3.3.2.4}% 187
\BOOKMARK [4][-]{paragraph.3.3.2.4.2}{\376\377\000A\000s\000s\000u\000m\000p\000t\000i\000o\000n\000s}{subsubsection.3.3.2.4}% 188
\BOOKMARK [3][-]{subsubsection.3.3.2.5}{\376\377\000C\000a\000l\000i\000b\000r\000a\000t\000i\000o\000n}{subsection.3.3.2}% 189
\BOOKMARK [4][-]{paragraph.3.3.2.5.1}{\376\377\000C\000a\000l\000i\000b\000r\000a\000t\000i\000n\000g\000\040\000i\000n\000\040\000I\000o\000n\000\040\000S\000a\000t\000u\000r\000a\000t\000i\000o\000n\000\040\000R\000e\000g\000i\000m\000e}{subsubsection.3.3.2.5}% 190
\BOOKMARK [4][-]{paragraph.3.3.2.5.2}{\376\377\000C\000a\000l\000i\000b\000r\000a\000t\000i\000n\000g\000\040\000o\000n\000\040\000t\000h\000e\000\040\000e\000x\000p\000o\000n\000e\000n\000t\000i\000a\000l}{subsubsection.3.3.2.5}% 191
\BOOKMARK [4][-]{paragraph.3.3.2.5.3}{\376\377\000B\000a\000y\000e\000s\000i\000a\000n\000\040\000c\000a\000l\000i\000b\000r\000a\000t\000i\000o\000n}{subsubsection.3.3.2.5}% 192
\BOOKMARK [4][-]{paragraph.3.3.2.5.4}{\376\377\000C\000a\000l\000i\000b\000r\000a\000t\000i\000o\000n\000\040\000u\000s\000i\000n\000g\000\040\000p\000r\000e\000s\000s\000u\000r\000e\000\040\000w\000a\000v\000e}{subsubsection.3.3.2.5}% 193
\BOOKMARK [2][-]{subsection.3.3.3}{\376\377\000B\000d\000o\000t\000\040\000c\000o\000i\000l\000s}{section.3.3}% 194
\BOOKMARK [3][-]{subsubsection.3.3.3.1}{\376\377\000I\000n\000-\000s\000h\000a\000f\000t\000\040\000c\000i\000r\000c\000u\000i\000t}{subsection.3.3.3}% 195
\BOOKMARK [3][-]{subsubsection.3.3.3.2}{\376\377\000C\000i\000r\000c\000u\000i\000t\000\040\000m\000o\000d\000e\000l}{subsection.3.3.3}% 196
\BOOKMARK [3][-]{subsubsection.3.3.3.3}{\376\377\000C\000a\000l\000i\000b\000r\000a\000t\000i\000o\000n}{subsection.3.3.3}% 197
\BOOKMARK [3][-]{subsubsection.3.3.3.4}{\376\377\000S\000i\000g\000n\000a\000l\000\040\000I\000n\000t\000e\000r\000p\000r\000e\000t\000a\000t\000i\000o\000n}{subsection.3.3.3}% 198
\BOOKMARK [1][-]{section.3.4}{\376\377\000P\000l\000a\000s\000m\000a\000\040\000T\000h\000e\000o\000r\000y}{chapter.3}% 199
\BOOKMARK [2][-]{subsection.3.4.1}{\376\377\000S\000i\000m\000p\000l\000e\000\040\000P\000l\000a\000s\000m\000a\000\040\000T\000h\000e\000o\000r\000y\000\040\000\050\000H\000u\000t\000c\000h\000i\000n\000s\000o\000n\000\051}{section.3.4}% 200
\BOOKMARK [3][-]{subsubsection.3.4.1.1}{\376\377\000D\000e\000r\000i\000v\000a\000t\000i\000o\000n}{subsection.3.4.1}% 201
\BOOKMARK [3][-]{subsubsection.3.4.1.2}{\376\377\000P\000r\000o\000s\000\040\000\046\000\040\000C\000o\000n\000s}{subsection.3.4.1}% 202
\BOOKMARK [2][-]{subsection.3.4.2}{\376\377\000B\000R\000L}{section.3.4}% 203
\BOOKMARK [2][-]{subsection.3.4.3}{\376\377\000E\000f\000f\000e\000c\000t\000\040\000o\000f\000\040\000e\000l\000e\000c\000t\000r\000i\000c\000\040\000f\000i\000e\000l\000d\000s}{section.3.4}% 204
\BOOKMARK [3][-]{subsubsection.3.4.3.1}{\376\377\000W\000h\000e\000r\000e\000\040\000d\000o\000e\000s\000\040\000t\000h\000e\000\040\000e\000l\000e\000c\000t\000r\000i\000c\000\040\000f\000i\000e\000l\000d\000\040\000c\000o\000m\000e\000\040\000f\000r\000o\000m}{subsection.3.4.3}% 205
\BOOKMARK [4][-]{paragraph.3.4.3.1.1}{\376\377\000I\000n\000d\000u\000c\000t\000i\000v\000e\000\040\000F\000i\000e\000l\000d\000s}{subsubsection.3.4.3.1}% 206
\BOOKMARK [4][-]{paragraph.3.4.3.1.2}{\376\377\000S\000t\000a\000t\000i\000c\000\040\000F\000i\000e\000l\000d\000s}{subsubsection.3.4.3.1}% 207
\BOOKMARK [3][-]{subsubsection.3.4.3.2}{\376\377\000W\000h\000a\000t\000\040\000d\000o\000e\000s\000\040\000i\000t\000\040\000d\000o\000\040\000t\000o\000\040\000t\000h\000e\000\040\000t\000i\000p\000\040\000m\000e\000a\000s\000u\000r\000e\000m\000e\000n\000t\000s}{subsection.3.4.3}% 208
\BOOKMARK [4][-]{paragraph.3.4.3.2.1}{\376\377\000T\000h\000e\000o\000r\000e\000t\000i\000c\000a\000l\000\040\000u\000n\000d\000e\000r\000s\000t\000a\000n\000d\000i\000n\000g}{subsubsection.3.4.3.2}% 209
\BOOKMARK [4][-]{paragraph.3.4.3.2.2}{\376\377\000P\000h\000y\000s\000i\000c\000a\000l\000\040\000r\000e\000a\000l\000i\000t\000y}{subsubsection.3.4.3.2}% 210
\BOOKMARK [2][-]{subsection.3.4.4}{\376\377\000M\000i\000n\000i\000m\000u\000m\000\040\000m\000e\000a\000s\000u\000r\000a\000b\000l\000e\000\040\000d\000e\000n\000s\000i\000t\000y}{section.3.4}% 211
\BOOKMARK [3][-]{subsubsection.3.4.4.1}{\376\377\000W\000h\000a\000t\000'\000s\000\040\000t\000h\000e\000\040\000D\000e\000b\000y\000e\000\040\000L\000e\000n\000g\000t\000h}{subsection.3.4.4}% 212
\BOOKMARK [3][-]{subsubsection.3.4.4.2}{\376\377\000S\000h\000e\000a\000t\000h\000\040\000s\000c\000a\000l\000e}{subsection.3.4.4}% 213
\BOOKMARK [3][-]{subsubsection.3.4.4.3}{\376\377\000T\000i\000p\000-\000t\000i\000p\000\040\000s\000h\000e\000a\000t\000h\000\040\000o\000v\000e\000r\000l\000a\000p}{subsection.3.4.4}% 214
\BOOKMARK [1][-]{section.3.5}{\376\377\000C\000u\000r\000v\000e\000\040\000F\000i\000t\000t\000i\000n\000g}{chapter.3}% 215
\BOOKMARK [2][-]{subsection.3.5.1}{\376\377\000L\000e\000a\000s\000t\000\040\000s\000q\000u\000a\000r\000e\000s\000\040\000F\000i\000t\000t\000i\000n\000g}{section.3.5}% 216
\BOOKMARK [3][-]{subsubsection.3.5.1.1}{\376\377\000B\000e\000n\000e\000f\000i\000t\000s}{subsection.3.5.1}% 217
\BOOKMARK [3][-]{subsubsection.3.5.1.2}{\376\377\000I\000s\000s\000u\000e\000s}{subsection.3.5.1}% 218
\BOOKMARK [2][-]{subsection.3.5.2}{\376\377\000O\000D\000R}{section.3.5}% 219
\BOOKMARK [3][-]{subsubsection.3.5.2.1}{\376\377\000W\000h\000a\000t\000\040\000d\000o\000e\000s\000\040\000e\000r\000r\000o\000r\000\040\000l\000o\000o\000k\000\040\000l\000i\000k\000e\000\040\000i\000n\000\040\000o\000u\000r\000\040\000s\000i\000g\000n\000a\000l\000s}{subsection.3.5.2}% 220
\BOOKMARK [3][-]{subsubsection.3.5.2.2}{\376\377\000H\000o\000w\000\040\000d\000o\000e\000s\000\040\000O\000D\000R\000\040\000t\000a\000k\000e\000\040\000t\000h\000a\000t\000\040\000i\000n\000t\000o\000\040\000a\000c\000c\000o\000u\000n\000t}{subsection.3.5.2}% 221
\BOOKMARK [3][-]{subsubsection.3.5.2.3}{\376\377\000H\000o\000w\000\040\000t\000o\000\040\000a\000p\000p\000l\000y\000\040\000p\000a\000r\000a\000m\000e\000t\000e\000r\000\040\000b\000o\000u\000n\000d\000s}{subsection.3.5.2}% 222
\BOOKMARK [4][-]{paragraph.3.5.2.3.1}{\376\377\000W\000h\000y\000\040\000a\000p\000p\000l\000y\000\040\000b\000o\000u\000n\000d\000s}{subsubsection.3.5.2.3}% 223
\BOOKMARK [4][-]{paragraph.3.5.2.3.2}{\376\377\000O\000u\000r\000\040\000m\000e\000t\000h\000o\000d}{subsubsection.3.5.2.3}% 224
\BOOKMARK [2][-]{subsection.3.5.3}{\376\377\000M\000o\000n\000t\000e\000-\000c\000a\000r\000l\000o\000\040\000F\000i\000t\000t\000i\000n\000g}{section.3.5}% 225
\BOOKMARK [3][-]{subsubsection.3.5.3.1}{\376\377\000G\000l\000o\000b\000a\000l\000\040\000v\000s\000.\000\040\000l\000o\000c\000a\000l\000\040\000m\000i\000n\000i\000m\000a}{subsection.3.5.3}% 226
\BOOKMARK [3][-]{subsubsection.3.5.3.2}{\376\377\000A\000\040\000s\000i\000m\000p\000l\000e\000\040\000s\000o\000l\000u\000t\000i\000o\000n}{subsection.3.5.3}% 227
\BOOKMARK [3][-]{subsubsection.3.5.3.3}{\376\377\000H\000o\000w\000\040\000d\000o\000\040\000w\000e\000\040\000s\000a\000m\000p\000l\000e\000\040\000i\000n\000i\000t\000i\000a\000l\000\040\000c\000o\000n\000d\000i\000t\000i\000o\000n\000s}{subsection.3.5.3}% 228
\BOOKMARK [3][-]{subsubsection.3.5.3.4}{\376\377\000C\000h\000o\000o\000s\000i\000n\000g\000\040\000t\000h\000e\000\040\000b\000e\000s\000t\000\040\000a\000n\000s\000w\000e\000r}{subsection.3.5.3}% 229
\BOOKMARK [3][-]{subsubsection.3.5.3.5}{\376\377\000M\000o\000r\000e\000\040\000r\000o\000b\000u\000s\000t\000\040\000m\000e\000t\000h\000o\000d\000s\000\040\000f\000o\000r\000\040\000g\000e\000t\000t\000i\000n\000g\000\040\000g\000l\000o\000b\000a\000l\000\040\000m\000i\000n\000i\000m\000u\000m\000s}{subsection.3.5.3}% 230
\BOOKMARK [2][-]{subsection.3.5.4}{\376\377\000C\000o\000m\000b\000i\000n\000i\000n\000g\000\040\000m\000u\000l\000t\000i\000p\000l\000e\000\040\000s\000h\000o\000t\000s}{section.3.5}% 231
\BOOKMARK [3][-]{subsubsection.3.5.4.1}{\376\377\000U\000s\000i\000n\000g\000\040\000s\000o\000m\000e\000\040\000t\000i\000m\000e\000\040\000p\000o\000i\000n\000t\000s\000\040\000f\000r\000o\000m\000\040\000e\000a\000c\000h\000\040\000s\000h\000o\000t}{subsection.3.5.4}% 232
\BOOKMARK [3][-]{subsubsection.3.5.4.2}{\376\377\000C\000o\000m\000b\000i\000n\000i\000n\000g\000\040\000a\000l\000l\000\040\000I\000V\000\040\000p\000o\000i\000n\000t\000s\000\040\000a\000n\000d\000\040\000f\000i\000t\000t\000i\000n\000g\000\040\000t\000h\000a\000t}{subsection.3.5.4}% 233
\BOOKMARK [1][-]{section.3.6}{\376\377\000R\000e\000s\000u\000l\000t\000s}{chapter.3}% 234
\BOOKMARK [2][-]{subsection.3.6.1}{\376\377\000M\000e\000a\000s\000u\000r\000e\000m\000e\000n\000t\000\040\000o\000f\000\040\000l\000o\000w\000\040\000d\000e\000n\000s\000i\000t\000i\000e\000s}{section.3.6}% 235
\BOOKMARK [2][-]{subsection.3.6.2}{\376\377\000N\000o\000i\000s\000e\000\040\000r\000e\000s\000i\000l\000i\000e\000n\000c\000e}{section.3.6}% 236
\BOOKMARK [0][-]{chapter.4}{\376\377\000P\000r\000e\000s\000s\000u\000r\000e\000\040\000A\000n\000i\000s\000o\000t\000r\000o\000p\000y\000\040\000P\000r\000o\000b\000e}{}% 237
\BOOKMARK [1][-]{section.4.1}{\376\377\000H\000o\000w\000\040\000c\000a\000n\000\040\000w\000e\000\040\000m\000e\000a\000s\000u\000r\000e\000\040\000P\000r\000e\000s\000s\000u\000r\000e\000\040\000A\000n\000i\000s\000o\000t\000r\000o\000p\000y}{chapter.4}% 238
\BOOKMARK [2][-]{subsection.4.1.1}{\376\377\000T\000h\000o\000m\000s\000o\000n\000\040\000S\000c\000a\000t\000t\000e\000r\000i\000n\000g}{section.4.1}% 239
\BOOKMARK [3][-]{subsubsection.4.1.1.1}{\376\377\000B\000a\000s\000i\000c\000s}{subsection.4.1.1}% 240
\BOOKMARK [3][-]{subsubsection.4.1.1.2}{\376\377\000P\000r\000o\000s}{subsection.4.1.1}% 241
\BOOKMARK [3][-]{subsubsection.4.1.1.3}{\376\377\000C\000o\000n\000s}{subsection.4.1.1}% 242
\BOOKMARK [2][-]{subsection.4.1.2}{\376\377\000R\000e\000t\000a\000r\000d\000i\000n\000g\000\040\000F\000i\000e\000l\000d\000\040\000E\000n\000e\000r\000g\000y\000\040\000A\000n\000a\000l\000y\000z\000e\000r}{section.4.1}% 243
\BOOKMARK [3][-]{subsubsection.4.1.2.1}{\376\377\000B\000a\000s\000i\000c\000s}{subsection.4.1.2}% 244
\BOOKMARK [3][-]{subsubsection.4.1.2.2}{\376\377\000P\000r\000o\000s}{subsection.4.1.2}% 245
\BOOKMARK [3][-]{subsubsection.4.1.2.3}{\376\377\000C\000o\000n\000s}{subsection.4.1.2}% 246
\BOOKMARK [2][-]{subsection.4.1.3}{\376\377\000L\000a\000n\000g\000m\000u\000i\000r\000\040\000P\000r\000o\000b\000e\000s}{section.4.1}% 247
\BOOKMARK [3][-]{subsubsection.4.1.3.1}{\376\377\000B\000a\000s\000i\000c\000s}{subsection.4.1.3}% 248
\BOOKMARK [3][-]{subsubsection.4.1.3.2}{\376\377\000P\000r\000o\000s}{subsection.4.1.3}% 249
\BOOKMARK [3][-]{subsubsection.4.1.3.3}{\376\377\000C\000o\000n\000s}{subsection.4.1.3}% 250
\BOOKMARK [2][-]{subsection.4.1.4}{\376\377\000O\000u\000r\000\040\000t\000e\000c\000h\000n\000i\000q\000u\000e}{section.4.1}% 251
\BOOKMARK [1][-]{section.4.2}{\376\377\000H\000a\000r\000d\000w\000a\000r\000e}{chapter.4}% 252
\BOOKMARK [2][-]{subsection.4.2.1}{\376\377\000S\000h\000a\000f\000t\000\040\000C\000o\000m\000p\000o\000n\000e\000n\000t\000s}{section.4.2}% 253
\BOOKMARK [3][-]{subsubsection.4.2.1.1}{\376\377\000F\000e\000e\000d\000-\000t\000h\000r\000u}{subsection.4.2.1}% 254
\BOOKMARK [2][-]{subsection.4.2.2}{\376\377\000T\000i\000p\000\040\000C\000o\000m\000p\000o\000n\000e\000n\000t\000s}{section.4.2}% 255
\BOOKMARK [3][-]{subsubsection.4.2.2.1}{\376\377\000P\000r\000o\000b\000e\000\040\000b\000o\000d\000y}{subsection.4.2.2}% 256
\BOOKMARK [4][-]{paragraph.4.2.2.1.1}{\376\377\0003\000D\000\040\000p\000r\000i\000n\000t\000e\000d}{subsubsection.4.2.2.1}% 257
\BOOKMARK [4][-]{paragraph.4.2.2.1.2}{\376\377\000T\000w\000o\000\040\000s\000i\000d\000e\000s}{subsubsection.4.2.2.1}% 258
\BOOKMARK [3][-]{subsubsection.4.2.2.2}{\376\377\000T\000i\000p\000\040\000m\000a\000t\000e\000r\000i\000a\000l\000\040\000+\000\040\000s\000i\000z\000e}{subsection.4.2.2}% 259
\BOOKMARK [4][-]{paragraph.4.2.2.2.1}{\376\377\000S\000h\000e\000l\000l}{subsubsection.4.2.2.2}% 260
\BOOKMARK [4][-]{paragraph.4.2.2.2.2}{\376\377\000C\000o\000r\000e}{subsubsection.4.2.2.2}% 261
\BOOKMARK [3][-]{subsubsection.4.2.2.3}{\376\377\000T\000i\000p\000\040\000S\000h\000i\000e\000l\000d\000i\000n\000g}{subsection.4.2.2}% 262
\BOOKMARK [4][-]{paragraph.4.2.2.3.1}{\376\377\000S\000h\000e\000l\000l\000\040\000S\000h\000i\000e\000l\000d\000i\000n\000g}{subsubsection.4.2.2.3}% 263
\BOOKMARK [4][-]{paragraph.4.2.2.3.2}{\376\377\000C\000o\000r\000e\000\040\000S\000h\000i\000e\000l\000d\000i\000n\000g}{subsubsection.4.2.2.3}% 264
\BOOKMARK [2][-]{subsection.4.2.3}{\376\377\000B\000d\000o\000t\000\040\000C\000o\000i\000l\000s}{section.4.2}% 265
\BOOKMARK [2][-]{subsection.4.2.4}{\376\377\000L\000e\000n\000g\000t\000h\000\040\000S\000c\000a\000l\000e\000s}{section.4.2}% 266
\BOOKMARK [1][-]{section.4.3}{\376\377\000C\000i\000r\000c\000u\000i\000t\000r\000y}{chapter.4}% 267
\BOOKMARK [2][-]{subsection.4.3.1}{\376\377\000B\000i\000a\000s\000\040\000S\000o\000u\000r\000c\000e}{section.4.3}% 268
\BOOKMARK [3][-]{subsubsection.4.3.1.1}{\376\377\000P\000r\000i\000n\000c\000i\000p\000l\000e\000s\000\040\000o\000f\000\040\000o\000p\000e\000r\000a\000t\000i\000o\000n}{subsection.4.3.1}% 269
\BOOKMARK [4][-]{paragraph.4.3.1.1.1}{\376\377\000C\000h\000a\000r\000g\000i\000n\000g}{subsubsection.4.3.1.1}% 270
\BOOKMARK [4][-]{paragraph.4.3.1.1.2}{\376\377\000D\000i\000s\000c\000h\000a\000r\000g\000i\000n\000g}{subsubsection.4.3.1.1}% 271
\BOOKMARK [4][-]{paragraph.4.3.1.1.3}{\376\377\000S\000w\000a\000p\000p\000i\000n\000g\000\040\000p\000o\000l\000a\000r\000i\000t\000y}{subsubsection.4.3.1.1}% 272
\BOOKMARK [3][-]{subsubsection.4.3.1.2}{\376\377\000H\000o\000w\000\040\000d\000o\000\040\000w\000e\000\040\000d\000o\000\040\000t\000h\000i\000s}{subsection.4.3.1}% 273
\BOOKMARK [4][-]{paragraph.4.3.1.2.1}{\376\377\000C\000a\000n\000n\000i\000b\000a\000l\000i\000z\000a\000t\000i\000o\000n}{subsubsection.4.3.1.2}% 274
\BOOKMARK [4][-]{paragraph.4.3.1.2.2}{\376\377\000D\000i\000s\000c\000h\000a\000r\000g\000i\000n\000g}{subsubsection.4.3.1.2}% 275
\BOOKMARK [4][-]{paragraph.4.3.1.2.3}{\376\377\000R\000e\000d\000u\000c\000i\000n\000g\000\040\000v\000o\000l\000t\000a\000g\000e\000\040\000d\000r\000o\000p\000\040\000d\000u\000e\000\040\000t\000o\000\040\000i\000n\000d\000u\000c\000t\000a\000n\000c\000e}{subsubsection.4.3.1.2}% 276
\BOOKMARK [4][-]{paragraph.4.3.1.2.4}{\376\377\000R\000e\000v\000e\000r\000s\000i\000n\000g\000\040\000p\000o\000l\000a\000r\000i\000t\000y}{subsubsection.4.3.1.2}% 277
\BOOKMARK [3][-]{subsubsection.4.3.1.3}{\376\377\000C\000a\000l\000i\000b\000r\000a\000t\000i\000o\000n}{subsection.4.3.1}% 278
\BOOKMARK [2][-]{subsection.4.3.2}{\376\377\000P\000r\000o\000b\000e\000\040\000C\000i\000r\000c\000u\000i\000t}{section.4.3}% 279
\BOOKMARK [3][-]{subsubsection.4.3.2.1}{\376\377\000S\000i\000n\000g\000l\000e\000-\000e\000n\000d\000e\000d\000\040\000m\000e\000a\000s\000u\000r\000e\000m\000e\000n\000t}{subsection.4.3.2}% 280
\BOOKMARK [4][-]{paragraph.4.3.2.1.1}{\376\377\000T\000R\000E\000X\000\040\000c\000e\000l\000l\000s}{subsubsection.4.3.2.1}% 281
\BOOKMARK [4][-]{paragraph.4.3.2.1.2}{\376\377\000P\000r\000o\000b\000l\000e\000m\000s}{subsubsection.4.3.2.1}% 282
\BOOKMARK [4][-]{paragraph.4.3.2.1.3}{\376\377\000N\000e\000x\000t\000\040\000s\000t\000e\000p\000s}{subsubsection.4.3.2.1}% 283
\BOOKMARK [3][-]{subsubsection.4.3.2.2}{\376\377\000D\000i\000f\000f\000e\000r\000e\000n\000t\000i\000a\000l\000\040\000m\000e\000a\000s\000u\000r\000e\000m\000e\000n\000t}{subsection.4.3.2}% 284
\BOOKMARK [4][-]{paragraph.4.3.2.2.1}{\376\377\000P\000a\000r\000a\000l\000l\000e\000l\000\040\000c\000i\000r\000c\000u\000i\000t\000r\000y}{subsubsection.4.3.2.2}% 285
\BOOKMARK [3][-]{subsubsection.4.3.2.3}{\376\377\000G\000r\000o\000u\000n\000d\000i\000n\000g\000\040\000T\000e\000c\000h\000n\000i\000q\000u\000e\000s}{subsection.4.3.2}% 286
\BOOKMARK [4][-]{paragraph.4.3.2.3.1}{\376\377\000T\000y\000p\000e\000s\000\040\000o\000f\000\040\000g\000r\000o\000u\000n\000d\000s\000\040\000o\000n\000\040\000t\000h\000e\000\040\000A\000C\000Q}{subsubsection.4.3.2.3}% 287
\BOOKMARK [4][-]{paragraph.4.3.2.3.2}{\376\377\000R\000o\000u\000t\000i\000n\000g\000\040\000g\000r\000o\000u\000n\000d\000s}{subsubsection.4.3.2.3}% 288
\BOOKMARK [3][-]{subsubsection.4.3.2.4}{\376\377\000S\000w\000a\000p\000p\000i\000n\000g\000\040\000c\000u\000r\000r\000e\000n\000t\000\040\000p\000a\000t\000h\000s}{subsection.4.3.2}% 289
\BOOKMARK [4][-]{paragraph.4.3.2.4.1}{\376\377\000W\000h\000y\000\040\000d\000o\000\040\000w\000e\000\040\000w\000a\000n\000t\000\040\000t\000o\000\040\000d\000o\000\040\000t\000h\000i\000s}{subsubsection.4.3.2.4}% 290
\BOOKMARK [4][-]{paragraph.4.3.2.4.2}{\376\377\000C\000i\000r\000c\000u\000i\000t\000r\000y\000\040\000t\000o\000\040\000d\000o\000\040\000t\000h\000i\000s}{subsubsection.4.3.2.4}% 291
\BOOKMARK [4][-]{paragraph.4.3.2.4.3}{\376\377\000H\000o\000w\000\040\000d\000o\000e\000s\000\040\000t\000h\000i\000s\000\040\000c\000h\000a\000n\000g\000e\000\040\000r\000e\000s\000u\000l\000t\000s}{subsubsection.4.3.2.4}% 292
\BOOKMARK [3][-]{subsubsection.4.3.2.5}{\376\377\000C\000i\000r\000c\000u\000i\000t\000\040\000S\000o\000l\000u\000t\000i\000o\000n}{subsection.4.3.2}% 293
\BOOKMARK [4][-]{paragraph.4.3.2.5.1}{\376\377\000S\000o\000l\000u\000t\000i\000o\000n}{subsubsection.4.3.2.5}% 294
\BOOKMARK [4][-]{paragraph.4.3.2.5.2}{\376\377\000A\000s\000s\000u\000m\000p\000t\000i\000o\000n\000s}{subsubsection.4.3.2.5}% 295
\BOOKMARK [3][-]{subsubsection.4.3.2.6}{\376\377\000C\000a\000l\000i\000b\000r\000a\000t\000i\000o\000n}{subsection.4.3.2}% 296
\BOOKMARK [4][-]{paragraph.4.3.2.6.1}{\376\377\000C\000a\000l\000i\000b\000r\000a\000t\000i\000n\000g\000\040\000i\000n\000\040\000I\000o\000n\000\040\000S\000a\000t\000u\000r\000a\000t\000i\000o\000n}{subsubsection.4.3.2.6}% 297
\BOOKMARK [4][-]{paragraph.4.3.2.6.2}{\376\377\000C\000a\000l\000i\000b\000r\000a\000t\000i\000n\000g\000\040\000o\000n\000\040\000t\000h\000e\000\040\000e\000x\000p\000o\000n\000e\000n\000t\000i\000a\000l}{subsubsection.4.3.2.6}% 298
\BOOKMARK [4][-]{paragraph.4.3.2.6.3}{\376\377\000R\000o\000t\000a\000t\000i\000o\000n\000\040\000c\000a\000l\000i\000b\000r\000a\000t\000i\000o\000n}{subsubsection.4.3.2.6}% 299
\BOOKMARK [3][-]{subsubsection.4.3.2.7}{\376\377\000C\000a\000p\000a\000c\000i\000t\000i\000v\000e\000\040\000c\000o\000u\000p\000l\000i\000n\000g}{subsection.4.3.2}% 300
\BOOKMARK [4][-]{paragraph.4.3.2.7.1}{\376\377\000W\000h\000a\000t\000\040\000d\000o\000\040\000w\000e\000\040\000s\000e\000e}{subsubsection.4.3.2.7}% 301
\BOOKMARK [4][-]{paragraph.4.3.2.7.2}{\376\377\000W\000h\000e\000r\000e\000\040\000d\000o\000e\000s\000\040\000i\000t\000\040\000c\000o\000m\000e\000\040\000f\000r\000o\000m}{subsubsection.4.3.2.7}% 302
\BOOKMARK [4][-]{paragraph.4.3.2.7.3}{\376\377\000M\000a\000g\000n\000i\000t\000u\000d\000e\000\040\000o\000f\000\040\000e\000f\000f\000e\000c\000t}{subsubsection.4.3.2.7}% 303
\BOOKMARK [4][-]{paragraph.4.3.2.7.4}{\376\377\000R\000e\000m\000o\000v\000i\000n\000g\000\040\000e\000f\000f\000e\000c\000t}{subsubsection.4.3.2.7}% 304
\BOOKMARK [1][-]{section.4.4}{\376\377\000P\000l\000a\000s\000m\000a\000\040\000T\000h\000e\000o\000r\000y}{chapter.4}% 305
\BOOKMARK [2][-]{subsection.4.4.1}{\376\377\000A\000\040\000f\000u\000l\000l\000\040\000m\000o\000d\000e\000l}{section.4.4}% 306
\BOOKMARK [3][-]{subsubsection.4.4.1.1}{\376\377\000P\000l\000a\000s\000m\000a\000\040\000D\000i\000s\000t\000r\000i\000b\000u\000t\000i\000o\000n}{subsection.4.4.1}% 307
\BOOKMARK [3][-]{subsubsection.4.4.1.2}{\376\377\000I\000o\000n\000\040\000p\000a\000r\000t\000i\000c\000l\000e\000\040\000f\000l\000u\000x}{subsection.4.4.1}% 308
\BOOKMARK [3][-]{subsubsection.4.4.1.3}{\376\377\000E\000l\000e\000c\000t\000r\000o\000n\000\040\000p\000a\000r\000t\000i\000c\000l\000e\000\040\000f\000l\000u\000x}{subsection.4.4.1}% 309
\BOOKMARK [4][-]{paragraph.4.4.1.3.1}{\376\377\000C\000o\000o\000r\000d\000i\000n\000a\000t\000e\000\040\000S\000y\000s\000t\000e\000m}{subsubsection.4.4.1.3}% 310
\BOOKMARK [4][-]{figure.caption.75}{\376\377\000M\000i\000n\000i\000m\000u\000m\000\040\000v\000e\000l\000o\000c\000i\000t\000y}{subsubsection.4.4.1.3}% 311
\BOOKMARK [4][-]{figure.caption.76}{\376\377\000A\000r\000e\000a}{subsubsection.4.4.1.3}% 312
\BOOKMARK [4][-]{paragraph.4.4.1.3.4}{\376\377\000P\000a\000r\000t\000i\000c\000l\000e\000\040\000F\000l\000u\000x}{subsubsection.4.4.1.3}% 313
\BOOKMARK [3][-]{subsubsection.4.4.1.4}{\376\377\000T\000h\000e\000o\000r\000e\000t\000i\000c\000a\000l\000\040\000J\000V\000\040\000c\000u\000r\000v\000e\000s}{subsection.4.4.1}% 314
\BOOKMARK [4][-]{paragraph.4.4.1.4.1}{\376\377\000R\000e\000a\000d\000i\000n\000g\000\040\000r\000a\000d\000a\000r\000\040\000p\000l\000o\000t\000s}{subsubsection.4.4.1.4}% 315
\BOOKMARK [4][-]{paragraph.4.4.1.4.2}{\376\377\000S\000o\000l\000u\000t\000i\000o\000n\000s}{subsubsection.4.4.1.4}% 316
\BOOKMARK [2][-]{subsection.4.4.2}{\376\377\000I\000n\000d\000i\000v\000i\000d\000u\000a\000l\000\040\000t\000i\000p\000\040\000f\000i\000t\000t\000i\000n\000g}{section.4.4}% 317
\BOOKMARK [3][-]{subsubsection.4.4.2.1}{\376\377\000W\000h\000y\000\040\000d\000o\000\040\000t\000h\000i\000s\000\040\000i\000n\000s\000t\000e\000a\000d}{subsection.4.4.2}% 318
\BOOKMARK [3][-]{subsubsection.4.4.2.2}{\376\377\000I\000n\000d\000i\000v\000i\000d\000u\000a\000l\000\040\000T\000i\000p\000\040\000T\000h\000e\000o\000r\000i\000e\000s}{subsection.4.4.2}% 319
\BOOKMARK [4][-]{paragraph.4.4.2.2.1}{\376\377\000M\000u\000l\000t\000i\000t\000i\000p\000\040\000m\000e\000t\000h\000o\000d\000s}{subsubsection.4.4.2.2}% 320
\BOOKMARK [4][-]{paragraph.4.4.2.2.2}{\376\377\000E\000x\000p\000o\000n\000e\000n\000t\000i\000a\000l}{subsubsection.4.4.2.2}% 321
\BOOKMARK [3][-]{subsubsection.4.4.2.3}{\376\377\000E\000x\000t\000r\000a\000c\000t\000i\000n\000g\000\040\000p\000l\000a\000s\000m\000a\000\040\000p\000a\000r\000a\000m\000e\000t\000e\000r\000s}{subsection.4.4.2}% 322
\BOOKMARK [4][-]{paragraph.4.4.2.3.1}{\376\377\000S\000p\000h\000e\000r\000i\000c\000a\000l\000\040\000h\000a\000r\000m\000o\000n\000i\000c\000s}{subsubsection.4.4.2.3}% 323
\BOOKMARK [4][-]{paragraph.4.4.2.3.2}{\376\377\000E\000r\000r\000o\000r\000\040\000b\000a\000r\000s}{subsubsection.4.4.2.3}% 324
\BOOKMARK [1][-]{section.4.5}{\376\377\000C\000u\000r\000v\000e\000\040\000F\000i\000t\000t\000i\000n\000g}{chapter.4}% 325
\BOOKMARK [2][-]{subsection.4.5.1}{\376\377\000C\000o\000m\000b\000i\000n\000i\000n\000g\000\040\000m\000u\000l\000t\000i\000p\000l\000e\000\040\000s\000h\000o\000t\000s}{section.4.5}% 326
\BOOKMARK [3][-]{subsubsection.4.5.1.1}{\376\377\000T\000i\000m\000i\000n\000g\000\040\000a\000l\000i\000g\000n\000m\000e\000n\000t}{subsection.4.5.1}% 327
\BOOKMARK [4][-]{paragraph.4.5.1.1.1}{\376\377\000B\000-\000d\000o\000t\000\040\000c\000r\000o\000s\000s\000-\000c\000o\000r\000r\000e\000l\000a\000t\000i\000o\000n}{subsubsection.4.5.1.1}% 328
\BOOKMARK [4][-]{paragraph.4.5.1.1.2}{\376\377\000B\000z\000\040\000=\000\040\0000\000\040\000a\000l\000i\000g\000n\000m\000e\000n\000t}{subsubsection.4.5.1.1}% 329
\BOOKMARK [4][-]{paragraph.4.5.1.1.3}{\376\377\000D\000e\000l\000a\000y\000\040\000c\000a\000u\000s\000e}{subsubsection.4.5.1.1}% 330
\BOOKMARK [4][-]{paragraph.4.5.1.1.4}{\376\377\000R\000e\000s\000u\000l\000t\000\040\000c\000o\000m\000p\000a\000r\000i\000s\000o\000n}{subsubsection.4.5.1.1}% 331
\BOOKMARK [3][-]{subsubsection.4.5.1.2}{\376\377\000S\000h\000o\000t\000\040\000s\000e\000l\000e\000c\000t\000i\000o\000n}{subsection.4.5.1}% 332
\BOOKMARK [3][-]{subsubsection.4.5.1.3}{\376\377\000A\000v\000e\000r\000a\000g\000i\000n\000g\000\040\000o\000f\000\040\000c\000o\000r\000e\000\040\000d\000a\000t\000a}{subsection.4.5.1}% 333
\BOOKMARK [2][-]{subsection.4.5.2}{\376\377\000F\000i\000t\000t\000i\000n\000g\000\040\000s\000h\000e\000l\000l}{section.4.5}% 334
\BOOKMARK [2][-]{subsection.4.5.3}{\376\377\000F\000i\000t\000t\000i\000n\000g\000\040\000c\000o\000r\000e}{section.4.5}% 335
\BOOKMARK [3][-]{subsubsection.4.5.3.1}{\376\377\000I\000n\000d\000i\000v\000i\000d\000u\000a\000l\000\040\000f\000i\000t\000t\000i\000n\000g\000\040\000m\000e\000t\000h\000o\000d}{subsection.4.5.3}% 336
\BOOKMARK [4][-]{paragraph.4.5.3.1.1}{\376\377\000O\000D\000R\000\040\000e\000r\000r\000o\000r\000s}{subsubsection.4.5.3.1}% 337
\BOOKMARK [4][-]{paragraph.4.5.3.1.2}{\376\377\000E\000x\000p\000o\000n\000e\000n\000t\000i\000a\000l\000\040\000f\000i\000t\000t\000i\000n\000g\000\040\000m\000e\000t\000h\000o\000d}{subsubsection.4.5.3.1}% 338
\BOOKMARK [4][-]{paragraph.4.5.3.1.3}{\376\377\000C\000o\000n\000s\000t\000a\000n\000t\000\040\000P\000l\000a\000s\000m\000a\000\040\000P\000o\000t\000e\000n\000t\000i\000a\000l}{subsubsection.4.5.3.1}% 339
\BOOKMARK [1][-]{section.4.6}{\376\377\000R\000e\000s\000u\000l\000t\000s}{chapter.4}% 340
\BOOKMARK [2][-]{subsection.4.6.1}{\376\377\000D\000r\000i\000v\000e\000\040\000c\000y\000l\000i\000n\000d\000e\000r}{section.4.6}% 341
\BOOKMARK [3][-]{subsubsection.4.6.1.1}{\376\377\000W\000h\000a\000t\000\040\000d\000i\000d\000\040\000w\000e\000\040\000t\000r\000y}{subsection.4.6.1}% 342
\BOOKMARK [3][-]{subsubsection.4.6.1.2}{\376\377\000W\000h\000y\000\040\000d\000i\000d\000n\000'\000t\000\040\000w\000e\000\040\000s\000e\000e\000\040\000p\000r\000e\000s\000s\000u\000r\000e\000\040\000a\000n\000i\000s\000o\000t\000r\000o\000p\000y}{subsection.4.6.1}% 343
\BOOKMARK [4][-]{paragraph.4.6.1.2.1}{\376\377\000I\000n\000\040\000t\000h\000e\000\040\000b\000d\000o\000t\000\040\000d\000a\000t\000a}{subsubsection.4.6.1.2}% 344
\BOOKMARK [4][-]{paragraph.4.6.1.2.2}{\376\377\000I\000n\000\040\000t\000h\000e\000\040\000P\000A\000\040\000d\000a\000t\000a}{subsubsection.4.6.1.2}% 345
\BOOKMARK [2][-]{subsection.4.6.2}{\376\377\0003\000\040\000c\000o\000i\000l}{section.4.6}% 346
\BOOKMARK [3][-]{subsubsection.4.6.2.1}{\376\377\000H\000o\000w\000\040\000m\000u\000c\000h\000\040\000a\000n\000i\000s\000o\000t\000r\000o\000p\000y\000\040\000s\000h\000o\000u\000l\000d\000\040\000w\000e\000\040\000e\000x\000p\000e\000c\000t}{subsection.4.6.2}% 347
\BOOKMARK [3][-]{subsubsection.4.6.2.2}{\376\377\000W\000h\000a\000t\000\040\000s\000e\000t\000u\000p\000s\000\040\000d\000i\000d\000\040\000w\000e\000\040\000t\000r\000y}{subsection.4.6.2}% 348
\BOOKMARK [3][-]{subsubsection.4.6.2.3}{\376\377\000O\000l\000d\000\040\000r\000e\000s\000u\000l\000t\000s\000\040\000o\000f\000\040\000j\000u\000s\000t\000\040\000c\000o\000m\000p\000a\000r\000i\000n\000g\000\040\000r\000a\000d\000a\000r\000\040\000p\000l\000o\000t\000s}{subsection.4.6.2}% 349
\BOOKMARK [3][-]{subsubsection.4.6.2.4}{\376\377\000N\000e\000w\000\040\000r\000e\000s\000u\000l\000t\000s\000\040\000u\000s\000i\000n\000g\000\040\000i\000n\000d\000e\000p\000e\000n\000d\000e\000n\000t\000\040\000f\000i\000t\000t\000i\000n\000g}{subsection.4.6.2}% 350
\BOOKMARK [0][-]{chapter.5}{\376\377\000C\000o\000n\000c\000l\000u\000s\000i\000o\000n}{}% 351
\BOOKMARK [1][-]{section.5.1}{\376\377\000S\000u\000m\000m\000a\000r\000y\000\040\000o\000f\000\040\000t\000h\000e\000s\000i\000s}{chapter.5}% 352
\BOOKMARK [2][-]{subsection.5.1.1}{\376\377\000U\000s\000i\000n\000g\000\040\000p\000r\000e\000s\000s\000u\000r\000e\000\040\000w\000a\000v\000e\000s\000\040\000t\000o\000\040\000m\000e\000a\000s\000u\000r\000e\000\040\000d\000e\000n\000s\000i\000t\000y}{section.5.1}% 353
\BOOKMARK [2][-]{subsection.5.1.2}{\376\377\000U\000p\000g\000r\000a\000d\000i\000n\000g\000\040\000l\000a\000n\000g\000m\000u\000i\000r\000\040\000p\000r\000o\000b\000e\000\040\000a\000n\000a\000l\000y\000s\000i\000s\000\040\000a\000n\000d\000\040\000n\000e\000w\000\040\000p\000o\000s\000s\000i\000b\000i\000l\000i\000t\000i\000e\000s}{section.5.1}% 354
\BOOKMARK [2][-]{subsection.5.1.3}{\376\377\000U\000s\000i\000n\000g\000\040\000d\000i\000r\000e\000c\000t\000i\000o\000n\000a\000l\000\040\000l\000a\000n\000g\000m\000u\000i\000r\000\040\000p\000r\000o\000b\000e\000s\000\040\000f\000o\000r\000\040\000m\000e\000a\000s\000u\000r\000i\000n\000g\000\040\000p\000r\000e\000s\000s\000u\000r\000e\000\040\000a\000n\000i\000s\000o\000t\000r\000o\000p\000y}{section.5.1}% 355
\BOOKMARK [1][-]{section.5.2}{\376\377\000F\000u\000t\000u\000r\000e\000\040\000w\000o\000r\000k}{chapter.5}% 356
\BOOKMARK [2][-]{subsection.5.2.1}{\376\377\000P\000r\000e\000s\000s\000u\000r\000e\000\040\000w\000a\000v\000e}{section.5.2}% 357
\BOOKMARK [3][-]{subsubsection.5.2.1.1}{\376\377\000A\000f\000o\000r\000e\000m\000e\000n\000t\000i\000o\000n\000e\000d\000\040\000f\000u\000t\000u\000r\000e\000\040\000w\000o\000r\000k}{subsection.5.2.1}% 358
\BOOKMARK [3][-]{subsubsection.5.2.1.2}{\376\377\000E\000x\000t\000r\000a\000c\000t\000i\000n\000g\000\040\000c\000r\000o\000s\000s\000-\000f\000i\000e\000l\000d\000\040\000d\000i\000f\000f\000u\000s\000i\000o\000n}{subsection.5.2.1}% 359
\BOOKMARK [2][-]{subsection.5.2.2}{\376\377\000L\000a\000n\000g\000m\000u\000i\000r\000\040\000P\000r\000o\000b\000e}{section.5.2}% 360
\BOOKMARK [3][-]{subsubsection.5.2.2.1}{\376\377\000P\000r\000e\000p\000a\000r\000e\000d\000\040\000t\000o\000\040\000a\000n\000a\000l\000y\000z\000e\000\040\000l\000o\000t\000s\000\040\000o\000f\000\040\000c\000o\000o\000l\000\040\000d\000a\000t\000a}{subsection.5.2.2}% 361
\BOOKMARK [3][-]{subsubsection.5.2.2.2}{\376\377\000E\000x\000t\000r\000a\000c\000t\000\040\000o\000u\000t\000\040\000e\000l\000e\000c\000t\000r\000i\000c\000\040\000f\000i\000e\000l\000d}{subsection.5.2.2}% 362
\BOOKMARK [2][-]{subsection.5.2.3}{\376\377\000P\000A\000\040\000P\000r\000o\000b\000e}{section.5.2}% 363
\BOOKMARK [3][-]{subsubsection.5.2.3.1}{\376\377\000T\000r\000y\000\040\000m\000o\000r\000e\000\040\000c\000o\000n\000f\000i\000g\000u\000r\000a\000t\000i\000o\000n\000s}{subsection.5.2.3}% 364
\BOOKMARK [3][-]{subsubsection.5.2.3.2}{\376\377\000M\000a\000p\000\040\000o\000u\000t\000\040\000f\000u\000l\000l\000\040\000p\000r\000e\000s\000s\000u\000r\000e\000\040\000a\000n\000i\000s\000o\000t\000r\000o\000p\000y\000\040\000d\000u\000r\000i\000n\000g\000\040\000s\000h\000o\000t}{subsection.5.2.3}% 365
\BOOKMARK [0][-]{chapter*.85}{\376\377\000C\000o\000l\000o\000p\000h\000o\000n}{}% 366
\BOOKMARK [0][-]{section*.87}{\376\377\000R\000e\000f\000e\000r\000e\000n\000c\000e\000s}{}% 367
