mktextfm texnansi-qplr+20
mktextfm texnansi-qplr-20
mktextfm texnansi-qplb+20
mktextfm texnansi-qplb-20
mktextfm texnansi-qplr+20
mktextfm texnansi-qplr-20
mktextfm texnansi-qplb+20
mktextfm texnansi-qplb-20
mktextfm texnansi-qplr+20
mktextfm texnansi-qplr-20
mktextfm texnansi-qplr-sc+20
mktextfm texnansi-qplr-sc-20
mktextfm texnansi-qplri+20
mktextfm texnansi-qplri-20
mktextfm texnansi-qplr-sc+20
mktextfm texnansi-qplr-sc-20
mktextfm texnansi-qplr+20
mktextfm texnansi-qplr-20
mktextfm texnansi-qplr+20
mktextfm texnansi-qplr-20
mktextfm texnansi-qplb+20
mktextfm texnansi-qplb-20
mktextfm texnansi-qplr+20
mktextfm texnansi-qplr-20
mktextfm texnansi-qplb+20
mktextfm texnansi-qplb-20
